###############################################################################
#                                                                             #
# IAR ELF Linker V6.10.1.52143/W32 for ARM              17/Feb/2011  21:32:21 #
# Copyright 2007-2010 IAR Systems AB.                                         #
#                                                                             #
#    Output file  =  D:\Profiles\B17685\My Documents\FAE\MCU\Kinetis\ÉÇÅ[É^Å[ #
#                    \kinetis-sc\build\iar\pit_dma\RAM_128KB\Exe\gpio_k40_tow #
#                    er.out                                                   #
#    Map file     =  D:\Profiles\B17685\My Documents\FAE\MCU\Kinetis\ÉÇÅ[É^Å[ #
#                    \kinetis-sc\build\iar\pit_dma\RAM_128KB\List\gpio_k40_to #
#                    wer.map                                                  #
#    Command line =  "D:\Profiles\B17685\My Documents\FAE\MCU\Kinetis\ÉÇÅ[É^Å #
#                    [\kinetis-sc\build\iar\pit_dma\RAM_128KB\Obj\adc16.o"    #
#                    "D:\Profiles\B17685\My Documents\FAE\MCU\Kinetis\ÉÇÅ[É^Å #
#                    [\kinetis-sc\build\iar\pit_dma\RAM_128KB\Obj\alloc.o"    #
#                    "D:\Profiles\B17685\My Documents\FAE\MCU\Kinetis\ÉÇÅ[É^Å #
#                    [\kinetis-sc\build\iar\pit_dma\RAM_128KB\Obj\arm_cm4.o"  #
#                    "D:\Profiles\B17685\My Documents\FAE\MCU\Kinetis\ÉÇÅ[É^Å #
#                    [\kinetis-sc\build\iar\pit_dma\RAM_128KB\Obj\assert.o"   #
#                    "D:\Profiles\B17685\My Documents\FAE\MCU\Kinetis\ÉÇÅ[É^Å #
#                    [\kinetis-sc\build\iar\pit_dma\RAM_128KB\Obj\crt0.o"     #
#                    "D:\Profiles\B17685\My Documents\FAE\MCU\Kinetis\ÉÇÅ[É^Å #
#                    [\kinetis-sc\build\iar\pit_dma\RAM_128KB\Obj\gpio_k40_DM #
#                    A3.o" "D:\Profiles\B17685\My                             #
#                    Documents\FAE\MCU\Kinetis\ÉÇÅ[É^Å[\kinetis-sc\build\iar\ #
#                    pit_dma\RAM_128KB\Obj\io.o" "D:\Profiles\B17685\My       #
#                    Documents\FAE\MCU\Kinetis\ÉÇÅ[É^Å[\kinetis-sc\build\iar\ #
#                    pit_dma\RAM_128KB\Obj\mcg.o" "D:\Profiles\B17685\My      #
#                    Documents\FAE\MCU\Kinetis\ÉÇÅ[É^Å[\kinetis-sc\build\iar\ #
#                    pit_dma\RAM_128KB\Obj\memtest.o" "D:\Profiles\B17685\My  #
#                    Documents\FAE\MCU\Kinetis\ÉÇÅ[É^Å[\kinetis-sc\build\iar\ #
#                    pit_dma\RAM_128KB\Obj\printf.o" "D:\Profiles\B17685\My   #
#                    Documents\FAE\MCU\Kinetis\ÉÇÅ[É^Å[\kinetis-sc\build\iar\ #
#                    pit_dma\RAM_128KB\Obj\queue.o" "D:\Profiles\B17685\My    #
#                    Documents\FAE\MCU\Kinetis\ÉÇÅ[É^Å[\kinetis-sc\build\iar\ #
#                    pit_dma\RAM_128KB\Obj\start.o" "D:\Profiles\B17685\My    #
#                    Documents\FAE\MCU\Kinetis\ÉÇÅ[É^Å[\kinetis-sc\build\iar\ #
#                    pit_dma\RAM_128KB\Obj\startup.o" "D:\Profiles\B17685\My  #
#                    Documents\FAE\MCU\Kinetis\ÉÇÅ[É^Å[\kinetis-sc\build\iar\ #
#                    pit_dma\RAM_128KB\Obj\stdlib.o" "D:\Profiles\B17685\My   #
#                    Documents\FAE\MCU\Kinetis\ÉÇÅ[É^Å[\kinetis-sc\build\iar\ #
#                    pit_dma\RAM_128KB\Obj\sysinit.o" "D:\Profiles\B17685\My  #
#                    Documents\FAE\MCU\Kinetis\ÉÇÅ[É^Å[\kinetis-sc\build\iar\ #
#                    pit_dma\RAM_128KB\Obj\uart.o" "D:\Profiles\B17685\My     #
#                    Documents\FAE\MCU\Kinetis\ÉÇÅ[É^Å[\kinetis-sc\build\iar\ #
#                    pit_dma\RAM_128KB\Obj\uif.o" "D:\Profiles\B17685\My      #
#                    Documents\FAE\MCU\Kinetis\ÉÇÅ[É^Å[\kinetis-sc\build\iar\ #
#                    pit_dma\RAM_128KB\Obj\vectors.o" "D:\Profiles\B17685\My  #
#                    Documents\FAE\MCU\Kinetis\ÉÇÅ[É^Å[\kinetis-sc\build\iar\ #
#                    pit_dma\RAM_128KB\Obj\wdog.o" -o "D:\Profiles\B17685\My  #
#                    Documents\FAE\MCU\Kinetis\ÉÇÅ[É^Å[\kinetis-sc\build\iar\ #
#                    pit_dma\RAM_128KB\Exe\gpio_k40_tower.out" --map          #
#                    "D:\Profiles\B17685\My Documents\FAE\MCU\Kinetis\ÉÇÅ[É^Å #
#                    [\kinetis-sc\build\iar\pit_dma\RAM_128KB\List\gpio_k40_t #
#                    ower.map" --config "D:\Profiles\B17685\My                #
#                    Documents\FAE\MCU\Kinetis\ÉÇÅ[É^Å[\kinetis-sc\build\iar\ #
#                    pit_dma\..\config files\128KB_Ram.icf" --semihosting     #
#                    --entry __iar_program_start                              #
#                                                                             #
#                                                                             #
###############################################################################

*******************************************************************************
*** MESSAGES
***

Warning[Lp012]: no sections with name .data included - special symbol
          .data$$Base (referenced from D:\Profiles\B17685\My Documents\FAE\MCU\
          Kinetis\ÉÇÅ[É^Å[\kinetis-sc\build\iar\pit_dma\RAM_128KB\Obj\startup.o
          ) will be zero
Warning[Lp012]: no sections with name .data_init included - special symbol
          .data_init$$Base (referenced from D:\Profiles\B17685\My Documents\FAE
          \MCU\Kinetis\ÉÇÅ[É^Å[\kinetis-sc\build\iar\pit_dma\RAM_128KB\Obj\star
          tup.o) will be zero


*******************************************************************************
*** RUNTIME MODEL ATTRIBUTES
***

CppFlavor       = *
__SystemLibrary = DLib


*******************************************************************************
*** PLACEMENT SUMMARY
***

"A1":  place at 0x1fff0000 { ro section .intvec };
"A2":  place at 0x1fff0410 { ro section .noinit };
"P1":  place in [from 0x1fff0000 to 0x20010000] { ro, block CodeRelocate };
"P2":  place in [from 0x1fff0000 to 0x20010000] {
          rw, block CodeRelocateRam, block CSTACK, block HEAP };

  Section          Kind        Address    Size  Object
  -------          ----        -------    ----  ------
"A1":                                    0x410
  .intvec          const    0x1fff0000   0x410  vectors.o [1]
                          - 0x1fff0410   0x410

"A2":                                     0x3c
  .noinit          ro code  0x1fff0410    0x3c  crt0.o [1]
                          - 0x1fff044c    0x3c

"P1":                                   0x2b5c
  .text            ro code  0x1fff044c  0x1534  gpio_k40_DMA3.o [1]
  .text            ro code  0x1fff1980   0x4c4  printf.o [1]
  .text            ro code  0x1fff1e44   0x4ac  uif.o [1]
  .text            ro code  0x1fff22f0   0x1c6  stdlib.o [1]
  .text            ro code  0x1fff24b6    0x22  zero_init3.o [4]
  .text            ro code  0x1fff24d8    0x1c  io.o [1]
  .text            ro code  0x1fff24f4    0xfc  uart.o [1]
  .text            ro code  0x1fff25f0   0x650  start.o [1]
  .text            ro code  0x1fff2c40    0x38  wdog.o [1]
  .text            ro code  0x1fff2c78    0x9c  startup.o [1]
  .text            ro code  0x1fff2d14    0xc4  sysinit.o [1]
  .text            ro code  0x1fff2dd8     0xc  arm_cm4.o [1]
  .text            ro code  0x1fff2de4    0xf0  mcg.o [1]
  .text            ro code  0x1fff2ed4    0x48  vectors.o [1]
  .text            ro code  0x1fff2f1c    0x2c  data_init3.o [4]
  .iar.init_table  const    0x1fff2f48    0x10  - Linker created -
  .text            ro code  0x1fff2f58    0x16  cmain.o [4]
  .text            ro code  0x1fff2f6e     0x4  low_level_init.o [3]
  .text            ro code  0x1fff2f72     0x8  exit.o [3]
  .text            ro code  0x1fff2f7c     0xa  cexit.o [4]
  .text            ro code  0x1fff2f88    0x14  exit.o [5]
  .text            ro code  0x1fff2f9c     0xc  cstartup_M.o [4]
                          - 0x1fff2fa8  0x2b5c

"P2":                                    0x104
  .bss                      0x1fff2fa8   0x104  <Block>
    .bss           zero     0x1fff2fa8     0x4  gpio_k40_DMA3.o [1]
    .bss           zero     0x1fff2fac     0xc  gpio_k40_DMA3.o [1]
    .bss           zero     0x1fff2fb8     0x4  gpio_k40_DMA3.o [1]
    .bss           zero     0x1fff2fbc     0xc  gpio_k40_DMA3.o [1]
    .bss           zero     0x1fff2fc8     0x4  gpio_k40_DMA3.o [1]
    .bss           zero     0x1fff2fcc     0x4  gpio_k40_DMA3.o [1]
    .bss           zero     0x1fff2fd0    0x30  gpio_k40_DMA3.o [1]
    .bss           zero     0x1fff3000     0x4  sysinit.o [1]
    .bss           zero     0x1fff3004     0x4  sysinit.o [1]
    .bss           zero     0x1fff3008     0x4  sysinit.o [1]
    .bss           zero     0x1fff300c    0x50  uif.o [1]
    .bss           zero     0x1fff305c    0x50  uif.o [1]
                          - 0x1fff30ac   0x104


*******************************************************************************
*** INIT TABLE
***

          Address     Size
          -------     ----
Zero (__iar_zero_init3)
    1 destination range, total size 0x104:
          0x1fff2fa8  0x104


*******************************************************************************
*** MODULE SUMMARY
***

    Module            ro code  ro data  rw data
    ------            -------  -------  -------
D:\Profiles\B17685\My Documents\FAE\MCU\Kinetis\ÉÇÅ[É^Å[\kinetis-sc\build\iar\pit_dma\RAM_128KB\Obj: [1]
    arm_cm4.o              12
    crt0.o                 60
    gpio_k40_DMA3.o     5 428                88
    io.o                   28
    mcg.o                 240
    printf.o            1 220
    start.o             1 616
    startup.o             156
    stdlib.o              454
    sysinit.o             196                12
    uart.o                252
    uif.o               1 196               160
    vectors.o              72    1 040
    wdog.o                 56
    -------------------------------------------
    Total:             10 986    1 040      260

command line: [2]
    -------------------------------------------
    Total:

dl7M_tln.a: [3]
    exit.o                  8
    low_level_init.o        4
    -------------------------------------------
    Total:                 12

rt7M_tl.a: [4]
    cexit.o                10
    cmain.o                22
    cstartup_M.o           12
    data_init3.o           44
    zero_init3.o           34
    -------------------------------------------
    Total:                122

shb_l.a: [5]
    exit.o                 20
    -------------------------------------------
    Total:                 20

    Gaps                    4
    Linker created                  16
-----------------------------------------------
    Grand Total:       11 144    1 056      260


*******************************************************************************
*** ENTRY LIST
***

Entry                     Address   Size  Type      Object
-----                     -------   ----  ----      ------
.bss$$Base             0x1fff2fa8          --   Gb  - Linker created -
.bss$$Limit            0x1fff30ac          --   Gb  - Linker created -
.data$$Base            0x00000000          --   Gb  - Linker created -
.data_init$$Base       0x00000000          --   Gb  - Linker created -
.data_init$$Limit      0x00000000          --   Gb  - Linker created -
?main                  0x1fff2f59         Code  Gb  cmain.o [4]
CodeRelocate$$Base     0x00000000          --   Gb  - Linker created -
CodeRelocate$$Limit    0x00000000          --   Gb  - Linker created -
CodeRelocateRam$$Base  0x00000000          --   Gb  - Linker created -
Dma_Source_WORD        0x1fff2fac    0xc  Data  Gb  gpio_k40_DMA3.o [1]
Dma_Source_WORD1       0x1fff2fbc    0xc  Data  Gb  gpio_k40_DMA3.o [1]
HELPFORMAT             0x1fff228c   0x14  Data  Lc  uif.o [1]
HELPMSG                0x1fff2238   0x18  Data  Gb  uif.o [1]
INVARG                 0x1fff2250   0x20  Data  Gb  uif.o [1]
INVCMD                 0x1fff2270   0x1c  Data  Lc  uif.o [1]
INVOPT                 0x1fff22c0   0x28  Data  Lc  uif.o [1]
OPTFMT                 0x1fff22e8    0x8  Data  Lc  uif.o [1]
Period                 0x1fff2fb8    0x4  Data  Gb  gpio_k40_DMA3.o [1]
Period1                0x1fff2fc8    0x4  Data  Gb  gpio_k40_DMA3.o [1]
Region$$Table$$Base    0x1fff2f48          --   Gb  - Linker created -
Region$$Table$$Limit   0x1fff2f58          --   Gb  - Linker created -
SYNTAX                 0x1fff22a0   0x20  Data  Lc  uif.o [1]
Set_Pit0               0x1fff1079   0x14  Code  Gb  gpio_k40_DMA3.o [1]
UIF_CMDTAB             0x1fff18d8   0x8c  Data  Gb  gpio_k40_DMA3.o [1]
UIF_NUM_CMD            0x1fff1978    0x4  Data  Gb  gpio_k40_DMA3.o [1]
UIF_NUM_SETCMD         0x1fff197c    0x4  Data  Gb  gpio_k40_DMA3.o [1]
UIF_SETCMDTAB          0x1fff1964   0x14  Data  Gb  gpio_k40_DMA3.o [1]
__BOOT_STACK_ADDRESS {Abs}
                       0x2000fff8          --   Gb  command line/config [2]
__VECTOR_RAM {Abs}     0x1fff0000          --   Gb  command line/config [2]
__VECTOR_TABLE {Abs}   0x1fff0000          --   Gb  command line/config [2]
__cmain                0x1fff2f59         Code  Gb  cmain.o [4]
__exit                 0x1fff2f89   0x14  Code  Gb  exit.o [5]
__iar_data_init3       0x1fff2f1d   0x2c  Code  Gb  data_init3.o [4]
__iar_program_start    0x1fff2f9d         Code  Gb  cstartup_M.o [4]
__iar_zero_init3       0x1fff24b7   0x22  Code  Gb  zero_init3.o [4]
__low_level_init       0x1fff2f6f    0x4  Code  Gb  low_level_init.o [3]
__startup              0x1fff0411         Code  Gb  crt0.o [1]
__vector_table         0x1fff0000  0x410  Data  Gb  vectors.o [1]
_call_main             0x1fff2f65         Code  Gb  cmain.o [4]
_exit                  0x1fff2f7d         Code  Gb  cexit.o [4]
_main                  0x1fff2f6b         Code  Gb  cmain.o [4]
cmd_rd                 0x1fff044d   0x3e  Code  Gb  gpio_k40_DMA3.o [1]
cmd_wrt                0x1fff048b  0x1f0  Code  Gb  gpio_k40_DMA3.o [1]
cmdline1               0x1fff300c   0x50  Data  Lc  uif.o [1]
cmdline2               0x1fff305c   0x50  Data  Lc  uif.o [1]
common_startup         0x1fff2c79   0x9c  Code  Gb  startup.o [1]
core_clk_khz           0x1fff3000    0x4  Data  Gb  sysinit.o [1]
core_clk_mhz           0x1fff3004    0x4  Data  Gb  sysinit.o [1]
cpu_indentify          0x1fff269f  0x228  Code  Gb  start.o [1]
default_isr            0x1fff2ed5   0x12  Code  Gb  vectors.o [1]
dma_32bit              0x1fff0681  0x248  Code  Gb  gpio_k40_DMA3.o [1]
dma_config             0x1fff09f1  0x676  Code  Gb  gpio_k40_DMA3.o [1]
dma_error              0x1fff2fa8    0x4  Data  Gb  gpio_k40_DMA3.o [1]
exit                   0x1fff2f73    0x8  Code  Gb  exit.o [3]
fb_clk_init            0x1fff2d91   0x16  Code  Gb  sysinit.o [1]
get_line               0x1fff1e45   0x6c  Code  Gb  uif.o [1]
get_value              0x1fff1fc1   0x26  Code  Gb  uif.o [1]
in_char                0x1fff24d9    0xa  Code  Gb  io.o [1]
init_gpio              0x1fff098d   0x46  Code  Gb  gpio_k40_DMA3.o [1]
isalnum                0x1fff2301   0x1e  Code  Gb  stdlib.o [1]
isdigit                0x1fff231f    0xe  Code  Gb  stdlib.o [1]
isspace                0x1fff22f1   0x10  Code  Gb  stdlib.o [1]
isupper                0x1fff232d    0xe  Code  Gb  stdlib.o [1]
main                   0x1fff08c9   0xc4  Code  Gb  gpio_k40_DMA3.o [1]
make_argv              0x1fff1eb1   0x50  Code  Gb  uif.o [1]
out_char               0x1fff24e3    0xe  Code  Gb  io.o [1]
periph_clk_khz         0x1fff3008    0x4  Data  Gb  sysinit.o [1]
pll_init               0x1fff2de5   0xf0  Code  Gb  mcg.o [1]
porta_isr              0x1fff10ad    0xa  Code  Gb  gpio_k40_DMA3.o [1]
portc_isr              0x1fff1095    0xa  Code  Gb  gpio_k40_DMA3.o [1]
porte_isr              0x1fff109f    0xa  Code  Gb  gpio_k40_DMA3.o [1]
printf                 0x1fff1e23   0x1e  Code  Gb  printf.o [1]
printk                 0x1fff1a59  0x3ca  Code  Gb  printf.o [1]
printk_mknumstr        0x1fff19ad   0x70  Code  Lc  printf.o [1]
printk_pad_space       0x1fff1a3b   0x1e  Code  Lc  printf.o [1]
printk_pad_zero        0x1fff1a1d   0x1e  Code  Lc  printf.o [1]
printk_putc            0x1fff1981   0x2c  Code  Lc  printf.o [1]
res_ptr                0x1fff2fcc    0x4  Data  Gb  gpio_k40_DMA3.o [1]
run_cmd                0x1fff1f01   0xc0  Code  Gb  uif.o [1]
start                  0x1fff25f1   0xae  Code  Gb  start.o [1]
strcasecmp             0x1fff233b   0x44  Code  Gb  stdlib.o [1]
strcpy                 0x1fff2495   0x22  Code  Gb  stdlib.o [1]
strlen                 0x1fff247b   0x1a  Code  Gb  stdlib.o [1]
strtoul                0x1fff237f   0xfc  Code  Gb  stdlib.o [1]
sysinit                0x1fff2d15   0x66  Code  Gb  sysinit.o [1]
tcd                    0x1fff2fd0   0x30  Data  Gb  gpio_k40_DMA3.o [1]
trace_clk_init         0x1fff2d7b   0x16  Code  Gb  sysinit.o [1]
uart_getchar           0x1fff25dd    0xa  Code  Gb  uart.o [1]
uart_init              0x1fff24f5   0xcc  Code  Gb  uart.o [1]
uart_putchar           0x1fff25e7    0xa  Code  Gb  uart.o [1]
uif_cmd_help           0x1fff1fe7   0x52  Code  Gb  uif.o [1]
uif_cmd_set            0x1fff2039   0xca  Code  Gb  uif.o [1]
uif_cmd_show           0x1fff2103   0xd8  Code  Gb  uif.o [1]
wdog_disable           0x1fff2c41   0x16  Code  Gb  wdog.o [1]
wdog_unlock            0x1fff2c59   0x16  Code  Gb  wdog.o [1]
write_vtor             0x1fff2dd9    0x6  Code  Gb  arm_cm4.o [1]


[1] = D:\Profiles\B17685\My Documents\FAE\MCU\Kinetis\ÉÇÅ[É^Å[\kinetis-sc\build\iar\pit_dma\RAM_128KB\Obj
[2] = command line
[3] = dl7M_tln.a
[4] = rt7M_tl.a
[5] = shb_l.a

  11 144 bytes of readonly  code memory
   1 056 bytes of readonly  data memory
     260 bytes of readwrite data memory

Errors: none
Warnings: 2
